// Jest Snapshot v1, https://goo.gl/fbAQLP

exports[`sendUsersSu should send su email to users 1`] = `
[
  {
    "status": "fulfilled",
    "value": "Email template 1 send",
  },
  {
    "status": "fulfilled",
    "value": "Email template 1 send",
  },
]
`;
